// Vitest Snapshot v1, https://vitest.dev/guide/snapshot.html

exports[`Alert > renders correctly 1`] = `
<div
  class="alert alert-info"
  role="alert"
>
  <!--v-if-->
  
  EMT YES
  
</div>
`;

exports[`Alert renders correctly 1`] = `
<div
  class="alert alert-info"
  role="alert"
>
  <!--v-if-->
  
  EMT YES
  
</div>
`;
